11
['Adams, Keith',
 'Alexander, Carlos',
 'Allen, Amanda',
 'Anderson, Debra',
 'Bailey, Catherine',
 'Baker, Craig',
 'Barnes, Sean',
 'Bell, Kathryn',
 'Bennett, Nancy',
 'Brooks, Carol',
 'Brown, Robert',
 'Bryant, Evelyn',
 'Butler, Julia',
 'Campbell, Eugene',
 'Carter, Sarah',
 'Clark, Joe',
 'Coleman, Lori',
 'Collins, Anthony',
 'Cook, Margaret',
 'Cooper, Kelly',
 'Cox, Shirley',
 'Davis, Douglas',
 'Diaz, Tina',
 'Edwards, Rachel',
 'Evans, Johnny',
 'Flores, Andrea',
 'Foster, Benjamin',
 'Garcia, Martha',
 'Gonzales, Arthur',
 'Gonzalez, Kimberly',
 'Gray, Tammy',
 'Green, Roy',
 'Griffin, Charles',
 'Hall, Beverly',
 'Harris, Anne',
 'Henderson, Christopher',
 'Hernandez, Lawrence',
 'Hill, Jose',
 'Howard, Shawn',
 'Hughes, James',
 'Jackson, Doris',
 'James, Randy',
 'Jenkins, Paul',
 'Johnson, Roger',
 'Jones, Stephanie',
 'Kelly, Joyce',
 'King, Carolyn',
 'Lee, Julie',
 'Lewis, William',
 'Long, Joshua',
 'Lopez, Juan',
 'Lowe, Karen',
 'Martin, Richard',
 'Martinez, David',
 'Miller, Aaron',
 'Mitchell, Judith',
 'Moore, John',
 'Morgan, Edward',
 'Morris, Heather',
 'Murphy, Donna',
 'Nelson, Louise',
 'Parker, Raymond',
 'Patterson, Peter',
 'Perez, Kathleen',
 'Perry, Marie',
 'Peterson, Daniel',
 'Phillips, Brenda',
 'Powell, Gregory',
 'Price, Dorothy',
 'Ramirez, Linda',
 'Reed, Bobby',
 'Richardson, George',
 'Rivera, Patricia',
 'Roberts, Teresa',
 'Robinson, Pamela',
 'Rodriguez, Jeffrey',
 'Rogers, Elizabeth',
 'Ross, Frances',
 'Russell, Scott',
 'Sanchez, Deborah',
 'Sanders, Emily',
 'Scott, Michael',
 'Simmons, Cynthia',
 'Smith, Jimmy',
 'Stewart, Earl',
 'Taylor, Brian',
 'Thomas, Mark',
 'Thompson, Michelle',
 'Torres, Betty',
 'Turner, Theresa',
 'Walker, Terry',
 'Ward, Sandra',
 'Washington, Annie',
 'Watson, Martin',
 'White, Diana',
 'Williams, Mary',
 'Wilson, Howard',
 'Wood, Kevin',
 'Wright, Eric',
 'Young, Frank']
