10
['10055',
 '10291',
 '11144',
 '11949',
 '12585',
 '12611',
 '13203',
 '13304',
 '13322',
 '14477',
 '14582',
 '14601',
 '15037',
 '15106',
 '15565',
 '15665',
 '16759',
 '16896',
 '18379',
 '18539',
 '18626',
 '19155',
 '19333',
 '19611',
 '19860',
 '19986',
 '20397',
 '20540',
 '21086',
 '21159',
 '21269',
 '21292',
 '21348',
 '21361',
 '22153',
 '22350',
 '22535',
 '23551',
 '24674',
 '24717',
 '24946',
 '25648',
 '26262',
 '26454',
 '26500',
 '26785',
 '27352',
 '27782',
 '28026',
 '28688',
 '28755',
 '29292',
 '29959',
 '29989',
 '30636',
 '30814',
 '30997',
 '31550',
 '31763',
 '32234',
 '32597',
 '33522',
 '33738',
 '33982',
 '34426',
 '34481',
 '34539',
 '34752',
 '35282',
 '35663',
 '35732',
 '36368',
 '38608',
 '39111',
 '39225',
 '39307',
 '39365',
 '39399',
 '40023',
 '40441',
 '40446',
 '40772',
 '41017',
 '41060',
 '41239',
 '41381',
 '41874',
 '41983',
 '42002',
 '42045',
 '43202',
 '43394',
 '43445',
 '43785',
 '44257',
 '44271',
 '44710',
 '45248',
 '45813',
 '45948',
 '46168',
 '46411',
 '46761',
 '47350',
 '47716',
 '47978',
 '48228',
 '48241',
 '48876',
 '49036',
 '49544',
 '49669',
 '49944',
 '50332',
 '50530',
 '51075',
 '51482',
 '51846',
 '51916',
 '52593',
 '52635',
 '52921',
 '52950',
 '53129',
 '53303',
 '53958',
 '54084',
 '54179',
 '54609',
 '54943',
 '55342',
 '55720',
 '55829',
 '55834',
 '56566',
 '56760',
 '56986',
 '57165',
 '57262',
 '57276',
 '57826',
 '57842',
 '58062',
 '58391',
 '58881',
 '58997',
 '59349',
 '59363',
 '59605',
 '59696',
 '60021',
 '60431',
 '60998',
 '61009',
 '61125',
 '61222',
 '62194',
 '63268',
 '63299',
 '63872',
 '63960',
 '64362',
 '65076',
 '65228',
 '65393',
 '66213',
 '66735',
 '66819',
 '66855',
 '67359',
 '67402',
 '68063',
 '68527',
 '69162',
 '69316',
 '69439',
 '69880',
 '70376',
 '70588',
 '70777',
 '72222',
 '72277',
 '72911',
 '73122',
 '73131',
 '74127',
 '74661',
 '74990',
 '75165',
 '75193',
 '75234',
 '75848',
 '75918',
 '75927',
 '76395',
 '76784',
 '77357',
 '77373',
 '78777',
 '79365',
 '79709',
 '79757',
 '81043',
 '81152',
 '81211',
 '81542',
 '81777',
 '81947',
 '83013',
 '83464',
 '84205',
 '85252',
 '85678',
 '85863',
 '86858',
 '87269',
 '88447',
 '88624',
 '89273',
 '89816',
 '89846',
 '90005',
 '90076',
 '90133',
 '90510',
 '91061',
 '91123',
 '91230',
 '92757',
 '93130',
 '94807',
 '97029',
 '97619',
 '97738',
 '97858',
 '97915']
