7
{'Robinson, Pamela': {'C179.645',
                      'C183.991',
                      'C185.861',
                      'C207.885',
                      'C212.334',
                      'C257.904',
                      'C26.519',
                      'C274.510',
                      'C298.925',
                      'C322.879',
                      'C327.373',
                      'C328.011',
                      'C343.369',
                      'C358.961',
                      'C374.539',
                      'C383.495',
                      'C40.674',
                      'C401.677',
                      'C42.235',
                      'C471.636',
                      'C505.291',
                      'C531.749',
                      'C55.839',
                      'C594.432',
                      'C596.001',
                      'C620.536',
                      'C637.503',
                      'C646.353',
                      'C66.140',
                      'C665.044',
                      'C82.906',
                      'L130.134',
                      'L156.127',
                      'L174.567',
                      'L21.332',
                      'L247.419',
                      'L248.186',
                      'L254.071',
                      'L280.470',
                      'L304.647',
                      'L313.787',
                      'L34.558',
                      'L365.174',
                      'L365.589',
                      'L404.231',
                      'L414.322',
                      'L417.860',
                      'L434.511',
                      'L434.784',
                      'L461.881',
                      'L489.421',
                      'L49.234',
                      'L506.298',
                      'L517.377',
                      'L517.423',
                      'L593.915',
                      'L620.537',
                      'L621.202',
                      'L629.217',
                      'L65.841',
                      'L668.027',
                      'L668.224',
                      'L711.759',
                      'L730.479',
                      'L743.949',
                      'L754.052',
                      'L763.827',
                      'L88.099',
                      'L90.261',
                      'R127.924',
                      'R149.027',
                      'R166.072',
                      'R17.057',
                      'R194.178',
                      'R194.315',
                      'R202.249',
                      'R256.348',
                      'R269.409',
                      'R449.809',
                      'R452.717',
                      'R476.046',
                      'R477.918',
                      'R481.251',
                      'R490.083',
                      'R536.953',
                      'R542.582',
                      'R590.246',
                      'R591.569',
                      'R646.331',
                      'R65.090',
                      'R663.350',
                      'R664.179',
                      'R687.740',
                      'R694.334',
                      'R72.298',
                      'R726.432',
                      'R770.958',
                      'R804.316',
                      'R829.648',
                      'R866.277',
                      'T104.369',
                      'T120.448',
                      'T121.775',
                      'T156.540',
                      'T17.310',
                      'T20.187',
                      'T201.422',
                      'T261.054',
                      'T272.252',
                      'T281.897',
                      'T284.122',
                      'T285.498',
                      'T292.741',
                      'T300.870',
                      'T319.114',
                      'T353.509',
                      'T361.699',
                      'T402.652',
                      'T436.943',
                      'T441.949',
                      'T452.658',
                      'T455.331',
                      'T475.274',
                      'T478.805',
                      'T487.219',
                      'T51.754',
                      'T71.386',
                      'T82.371',
                      'T84.676',
                      'T94.894',
                      'T99.049'},
 'White, Diana': {'C131.813',
                  'C183.991',
                  'C185.861',
                  'C19.761',
                  'C196.787',
                  'C197.518',
                  'C202.546',
                  'C22.934',
                  'C230.569',
                  'C274.510',
                  'C292.225',
                  'C320.982',
                  'C326.224',
                  'C34.287',
                  'C344.953',
                  'C352.072',
                  'C399.873',
                  'C403.259',
                  'C42.235',
                  'C453.783',
                  'C474.865',
                  'C490.225',
                  'C586.443',
                  'C601.704',
                  'C620.536',
                  'C672.030',
                  'C74.980',
                  'C94.755',
                  'L101.393',
                  'L143.141',
                  'L178.380',
                  'L231.952',
                  'L295.085',
                  'L300.755',
                  'L304.647',
                  'L312.136',
                  'L315.828',
                  'L320.399',
                  'L321.028',
                  'L323.711',
                  'L35.861',
                  'L350.947',
                  'L359.227',
                  'L408.309',
                  'L430.961',
                  'L438.854',
                  'L442.741',
                  'L448.599',
                  'L490.526',
                  'L524.569',
                  'L566.883',
                  'L593.915',
                  'L599.050',
                  'L614.156',
                  'L644.973',
                  'L65.841',
                  'L681.200',
                  'L742.916',
                  'L754.052',
                  'L766.616',
                  'L793.689',
                  'R121.086',
                  'R127.924',
                  'R15.503',
                  'R19.549',
                  'R202.328',
                  'R219.404',
                  'R226.522',
                  'R243.586',
                  'R258.063',
                  'R262.889',
                  'R269.409',
                  'R283.911',
                  'R30.609',
                  'R323.176',
                  'R332.547',
                  'R340.765',
                  'R343.857',
                  'R359.316',
                  'R379.560',
                  'R386.457',
                  'R393.946',
                  'R45.596',
                  'R452.717',
                  'R456.635',
                  'R457.210',
                  'R471.920',
                  'R474.345',
                  'R475.083',
                  'R476.046',
                  'R477.918',
                  'R478.642',
                  'R481.251',
                  'R542.582',
                  'R568.031',
                  'R624.896',
                  'R638.334',
                  'R658.009',
                  'R752.465',
                  'R80.116',
                  'R810.355',
                  'R853.290',
                  'R871.361',
                  'R873.830',
                  'R881.546',
                  'T104.369',
                  'T11.235',
                  'T119.763',
                  'T121.775',
                  'T127.447',
                  'T145.289',
                  'T168.643',
                  'T177.450',
                  'T188.999',
                  'T201.495',
                  'T241.774',
                  'T278.542',
                  'T292.741',
                  'T314.722',
                  'T32.469',
                  'T353.509',
                  'T373.449',
                  'T400.928',
                  'T404.505',
                  'T409.819',
                  'T422.461',
                  'T436.943',
                  'T441.949',
                  'T60.584'},
 'Young, Frank': {'C292.225',
                  'C292.849',
                  'C320.400',
                  'C325.076',
                  'C497.010',
                  'C66.096',
                  'C72.252',
                  'C94.755',
                  'L115.400',
                  'L123.529',
                  'L231.952',
                  'L300.755',
                  'L323.594',
                  'L341.064',
                  'L367.492',
                  'L439.554',
                  'L474.699',
                  'L478.534',
                  'L481.500',
                  'L629.217',
                  'L677.591',
                  'L771.976',
                  'R102.277',
                  'R15.503',
                  'R158.911',
                  'R19.323',
                  'R219.113',
                  'R256.348',
                  'R273.367',
                  'R285.243',
                  'R293.546',
                  'R457.220',
                  'R502.526',
                  'R59.455',
                  'R591.569',
                  'R880.623',
                  'T119.763',
                  'T121.327',
                  'T147.668',
                  'T156.537',
                  'T160.764',
                  'T17.991',
                  'T186.710',
                  'T20.187',
                  'T200.793',
                  'T210.499',
                  'T279.928',
                  'T326.911',
                  'T334.001',
                  'T350.786',
                  'T369.889',
                  'T390.327',
                  'T401.560',
                  'T466.067',
                  'T478.805',
                  'T51.439'}}
{'Robinson, Pamela': {'C179.645',
                      'C183.991',
                      'C185.861',
                      'C207.885',
                      'C212.334',
                      'C257.904',
                      'C26.519',
                      'C274.510',
                      'C298.925',
                      'C322.879',
                      'C327.373',
                      'C328.011',
                      'C343.369',
                      'C358.961',
                      'C374.539',
                      'C383.495',
                      'C40.674',
                      'C401.677',
                      'C42.235',
                      'C471.636',
                      'C505.291',
                      'C531.749',
                      'C55.839',
                      'C594.432',
                      'C596.001',
                      'C620.536',
                      'C637.503',
                      'C646.353',
                      'C66.140',
                      'C665.044',
                      'C82.906',
                      'L130.134',
                      'L156.127',
                      'L174.567',
                      'L21.332',
                      'L247.419',
                      'L248.186',
                      'L254.071',
                      'L280.470',
                      'L304.647',
                      'L313.787',
                      'L34.558',
                      'L365.174',
                      'L365.589',
                      'L404.231',
                      'L414.322',
                      'L417.860',
                      'L434.511',
                      'L434.784',
                      'L461.881',
                      'L489.421',
                      'L49.234',
                      'L506.298',
                      'L517.377',
                      'L517.423',
                      'L593.915',
                      'L620.537',
                      'L621.202',
                      'L629.217',
                      'L65.841',
                      'L668.027',
                      'L668.224',
                      'L711.759',
                      'L730.479',
                      'L743.949',
                      'L754.052',
                      'L763.827',
                      'L88.099',
                      'L90.261',
                      'R127.924',
                      'R149.027',
                      'R166.072',
                      'R17.057',
                      'R194.178',
                      'R194.315',
                      'R202.249',
                      'R256.348',
                      'R269.409',
                      'R449.809',
                      'R452.717',
                      'R476.046',
                      'R477.918',
                      'R481.251',
                      'R490.083',
                      'R536.953',
                      'R542.582',
                      'R590.246',
                      'R591.569',
                      'R646.331',
                      'R65.090',
                      'R663.350',
                      'R664.179',
                      'R687.740',
                      'R694.334',
                      'R72.298',
                      'R726.432',
                      'R770.958',
                      'R804.316',
                      'R829.648',
                      'R866.277',
                      'T104.369',
                      'T120.448',
                      'T121.775',
                      'T156.540',
                      'T17.310',
                      'T20.187',
                      'T201.422',
                      'T261.054',
                      'T272.252',
                      'T281.897',
                      'T284.122',
                      'T285.498',
                      'T292.741',
                      'T300.870',
                      'T319.114',
                      'T353.509',
                      'T361.699',
                      'T402.652',
                      'T436.943',
                      'T441.949',
                      'T452.658',
                      'T455.331',
                      'T475.274',
                      'T478.805',
                      'T487.219',
                      'T51.754',
                      'T71.386',
                      'T82.371',
                      'T84.676',
                      'T94.894',
                      'T99.049'},
 'Thomas, Mark': {'C202.546',
                  'C211.224',
                  'C22.934',
                  'C251.446',
                  'C301.693',
                  'C344.953',
                  'C352.072',
                  'C407.660',
                  'C450.166',
                  'C474.865',
                  'C510.630',
                  'C548.767',
                  'C601.704',
                  'C616.754',
                  'C649.140',
                  'C650.026',
                  'C94.518',
                  'L115.400',
                  'L174.978',
                  'L178.380',
                  'L18.283',
                  'L397.465',
                  'L448.599',
                  'L461.881',
                  'L477.144',
                  'L523.863',
                  'L599.050',
                  'L599.444',
                  'L644.973',
                  'L651.709',
                  'L668.027',
                  'L730.479',
                  'L86.433',
                  'L88.099',
                  'R121.086',
                  'R202.328',
                  'R239.049',
                  'R323.176',
                  'R407.269',
                  'R426.076',
                  'R450.522',
                  'R5.693',
                  'R591.569',
                  'R664.179',
                  'R694.334',
                  'R802.671',
                  'R803.754',
                  'R81.194',
                  'R832.673',
                  'R866.238',
                  'T160.764',
                  'T163.596',
                  'T17.310',
                  'T174.967',
                  'T175.708',
                  'T177.450',
                  'T184.508',
                  'T186.710',
                  'T201.879',
                  'T261.054',
                  'T297.001',
                  'T313.672',
                  'T350.786',
                  'T361.094',
                  'T377.103',
                  'T391.275',
                  'T400.928',
                  'T404.505',
                  'T409.819',
                  'T50.134',
                  'T51.439',
                  'T84.676'},
 'White, Diana': {'C131.813',
                  'C183.991',
                  'C185.861',
                  'C19.761',
                  'C196.787',
                  'C197.518',
                  'C202.546',
                  'C22.934',
                  'C230.569',
                  'C274.510',
                  'C292.225',
                  'C320.982',
                  'C326.224',
                  'C34.287',
                  'C344.953',
                  'C352.072',
                  'C399.873',
                  'C403.259',
                  'C42.235',
                  'C453.783',
                  'C474.865',
                  'C490.225',
                  'C586.443',
                  'C601.704',
                  'C620.536',
                  'C672.030',
                  'C74.980',
                  'C94.755',
                  'L101.393',
                  'L143.141',
                  'L178.380',
                  'L231.952',
                  'L295.085',
                  'L300.755',
                  'L304.647',
                  'L312.136',
                  'L315.828',
                  'L320.399',
                  'L321.028',
                  'L323.711',
                  'L35.861',
                  'L350.947',
                  'L359.227',
                  'L408.309',
                  'L430.961',
                  'L438.854',
                  'L442.741',
                  'L448.599',
                  'L490.526',
                  'L524.569',
                  'L566.883',
                  'L593.915',
                  'L599.050',
                  'L614.156',
                  'L644.973',
                  'L65.841',
                  'L681.200',
                  'L742.916',
                  'L754.052',
                  'L766.616',
                  'L793.689',
                  'R121.086',
                  'R127.924',
                  'R15.503',
                  'R19.549',
                  'R202.328',
                  'R219.404',
                  'R226.522',
                  'R243.586',
                  'R258.063',
                  'R262.889',
                  'R269.409',
                  'R283.911',
                  'R30.609',
                  'R323.176',
                  'R332.547',
                  'R340.765',
                  'R343.857',
                  'R359.316',
                  'R379.560',
                  'R386.457',
                  'R393.946',
                  'R45.596',
                  'R452.717',
                  'R456.635',
                  'R457.210',
                  'R471.920',
                  'R474.345',
                  'R475.083',
                  'R476.046',
                  'R477.918',
                  'R478.642',
                  'R481.251',
                  'R542.582',
                  'R568.031',
                  'R624.896',
                  'R638.334',
                  'R658.009',
                  'R752.465',
                  'R80.116',
                  'R810.355',
                  'R853.290',
                  'R871.361',
                  'R873.830',
                  'R881.546',
                  'T104.369',
                  'T11.235',
                  'T119.763',
                  'T121.775',
                  'T127.447',
                  'T145.289',
                  'T168.643',
                  'T177.450',
                  'T188.999',
                  'T201.495',
                  'T241.774',
                  'T278.542',
                  'T292.741',
                  'T314.722',
                  'T32.469',
                  'T353.509',
                  'T373.449',
                  'T400.928',
                  'T404.505',
                  'T409.819',
                  'T422.461',
                  'T436.943',
                  'T441.949',
                  'T60.584'}}
