4
['Alexander, Carlos', 'Allen, Amanda', 'Bailey, Catherine', 'Barnes, Sean', 'Bennett, Nancy', 'Brown, Robert', 'Campbell, Eugene', 'Carter, Sarah', 'Clark, Joe', 'Collins, Anthony', 'Diaz, Tina', 'Gonzales, Arthur', 'Green, Roy', 'Griffin, Charles', 'Hall, Beverly', 'James, Randy', 'Johnson, Roger', 'Jones, Stephanie', 'Kelly, Joyce', 'Long, Joshua', 'Lowe, Karen', 'Martin, Richard', 'Martinez, David', 'Mitchell, Judith', 'Moore, John', 'Morgan, Edward', 'Morris, Heather', 'Murphy, Donna', 'Parker, Raymond', 'Perry, Marie', 'Phillips, Brenda', 'Price, Dorothy', 'Ramirez, Linda', 'Richardson, George', 'Roberts, Teresa', 'Robinson, Pamela', 'Ross, Frances', 'Sanchez, Deborah', 'Sanders, Emily', 'Smith, Jimmy', 'Thompson, Michelle', 'Turner, Theresa', 'Walker, Terry', 'Washington, Annie', 'White, Diana', 'Williams, Mary', 'Wilson, Howard', 'Wood, Kevin', 'Wright, Eric', 'Young, Frank']
['Alexander, Carlos', 'Bennett, Nancy', 'Carter, Sarah', 'Clark, Joe', 'Diaz, Tina', 'Flores, Andrea', 'Foster, Benjamin', 'Green, Roy', 'Griffin, Charles', 'Hall, Beverly', 'Henderson, Christopher', 'Hernandez, Lawrence', 'Jackson, Doris', 'James, Randy', 'Jenkins, Paul', 'Johnson, Roger', 'Kelly, Joyce', 'Lewis, William', 'Miller, Aaron', 'Morgan, Edward', 'Morris, Heather', 'Parker, Raymond', 'Powell, Gregory', 'Price, Dorothy', 'Ramirez, Linda', 'Reed, Bobby', 'Roberts, Teresa', 'Rodriguez, Jeffrey', 'Ross, Frances', 'Sanchez, Deborah', 'Scott, Michael', 'Simmons, Cynthia', 'Smith, Jimmy', 'Stewart, Earl', 'Taylor, Brian', 'Thomas, Mark', 'Thompson, Michelle', 'Torres, Betty', 'Walker, Terry', 'Washington, Annie', 'Williams, Mary', 'Wood, Kevin', 'Wright, Eric', 'Young, Frank']
None
