3
['075A54E6-530B-4533-A2E4-A15226BE588C',
 '082D6241-40EE-432E-A635-65EA8AA374B6',
 '0F1FABFA-E112-4A66-A0B0-B7A2C14AD39A',
 '177EBF38-1C20-497B-A2EF-EC1880FEFDF9',
 '3BB1CF3F-79B7-4AFC-95D8-FDEA4FAE9287',
 '4C5B295B-58E1-4CFB-80DF-88938B9A6300',
 '6CCCA5F3-3008-46FF-A779-2D2F872DAF82',
 '6E30ADB2-7AD0-4E22-8A78-96135AAD7BD9',
 '7C376AFE-6D98-4E50-B29C-71FBF6260B2D',
 '90BE0D09-1438-414A-A38B-8309A49C02EF',
 'D230BAC0-249C-410F-84E4-41F9EDBFCB20',
 'D88C2930-9DA4-431F-8CDB-99A2AA2C7A05',
 'FE647EE2-2EBD-4837-83F0-256C377365FE']
['082D6241-40EE-432E-A635-65EA8AA374B6',
 '0F1FABFA-E112-4A66-A0B0-B7A2C14AD39A',
 '177EBF38-1C20-497B-A2EF-EC1880FEFDF9',
 '17A946D3-A1B0-4335-8808-8594D9FBD62C',
 '32B9E998-97C3-4D5A-8005-C9685A08196F',
 '35C50EBA-E3A9-4AB7-A67C-64D4228C4DCA',
 '4C5B295B-58E1-4CFB-80DF-88938B9A6300',
 '56B13184-D087-48DB-9CBA-84B40FE17CC5',
 '6E30ADB2-7AD0-4E22-8A78-96135AAD7BD9',
 '77A1A82E-749E-43BF-B3BF-3E70F087F808',
 '83383848-1D69-40D4-A360-817FB22769ED',
 '8E56417E-0D81-4F43-8137-F1F7AA005654',
 'B9C94766-617A-4168-B2AA-44FFE8323E32',
 'D230BAC0-249C-410F-84E4-41F9EDBFCB20',
 'D7EFB850-9A34-41B0-BD9D-FBCDF4C3C371',
 'DE06228A-0544-4543-9055-A39D19DEDFA4',
 'FE647EE2-2EBD-4837-83F0-256C377365FE']
None
