8
['C129.035', 'C183.991', 'C188.554', 'C203.955', 'C207.885', 'C235.982', 'C292.849', 'C295.428', 'C316.236', 'C358.961', 'C401.677', 'C412.318', 'C466.038', 'C474.865', 'C496.155', 'C497.010', 'C503.950', 'C611.565', 'C637.503', 'C66.096', 'L254.071', 'L297.036', 'L313.787', 'L332.159', 'L365.174', 'L398.614', 'L404.231', 'L414.322', 'L414.917', 'L42.814', 'L442.741', 'L448.599', 'L45.828', 'L450.039', 'L474.699', 'L489.421', 'L49.234', 'L572.240', 'L593.915', 'L68.849', 'L730.479', 'L743.949', 'L754.052', 'L768.257', 'L793.689', 'R112.569', 'R121.086', 'R127.924', 'R149.027', 'R158.911', 'R194.315', 'R227.524', 'R236.292', 'R317.149', 'R320.783', 'R332.547', 'R386.457', 'R471.920', 'R473.618', 'R490.083', 'R549.707', 'R555.664', 'R558.133', 'R59.455', 'R591.569', 'R664.179', 'R687.740', 'R779.564', 'R790.105', 'R810.355', 'T147.668', 'T160.764', 'T186.710', 'T20.187', 'T200.793', 'T201.495', 'T213.625', 'T220.548', 'T278.542', 'T281.897', 'T291.850', 'T310.318', 'T334.001', 'T349.473', 'T353.509', 'T363.252', 'T365.490', 'T377.103', 'T400.105', 'T407.651', 'T426.533', 'T436.943', 'T487.219', 'T497.899', 'T97.408']
['C129.035', 'C140.469', 'C183.991', 'C197.518', 'C203.955', 'C211.224', 'C235.982', 'C292.225', 'C292.849', 'C313.400', 'C343.369', 'C401.677', 'C407.660', 'C409.364', 'C41.401', 'C457.742', 'C521.754', 'C548.767', 'C611.565', 'C649.140', 'C66.096', 'C94.755', 'L169.327', 'L174.978', 'L284.990', 'L289.192', 'L290.892', 'L297.036', 'L329.643', 'L353.711', 'L359.227', 'L398.614', 'L414.322', 'L42.814', 'L448.599', 'L45.828', 'L450.039', 'L474.699', 'L497.989', 'L572.240', 'L68.849', 'L726.880', 'L730.479', 'R102.277', 'R112.569', 'R15.503', 'R158.911', 'R166.072', 'R19.323', 'R220.685', 'R236.292', 'R273.367', 'R290.425', 'R307.756', 'R323.176', 'R359.316', 'R450.522', 'R457.210', 'R457.220', 'R471.920', 'R490.083', 'R555.664', 'R558.133', 'R591.569', 'R664.179', 'R69.862', 'R80.116', 'R810.355', 'R880.623', 'T121.327', 'T145.289', 'T160.764', 'T177.450', 'T184.508', 'T186.710', 'T200.793', 'T210.499', 'T213.625', 'T220.548', 'T223.462', 'T246.070', 'T255.578', 'T278.542', 'T279.928', 'T310.318', 'T314.722', 'T349.473', 'T365.490', 'T369.889', 'T377.103', 'T404.505', 'T407.651', 'T426.533', 'T491.912', 'T51.439', 'T76.694']
None
