9
['C292.225', 'C94.755', 'L231.952', 'L300.755', 'R15.503', 'T119.763']
['C183.991', 'C185.861', 'C274.510', 'C42.235', 'C620.536', 'L304.647', 'L593.915', 'L65.841', 'L754.052', 'R127.924', 'R269.409', 'R452.717', 'R476.046', 'R477.918', 'R481.251', 'R542.582', 'T104.369', 'T121.775', 'T292.741', 'T353.509', 'T436.943', 'T441.949']
None
